// Jest Snapshot v1, https://goo.gl/fbAQLP

exports[`renders correctly 1`] = `
<button
  className=""
  onClick={[Function]}
  type="button"
>
  Super name
</button>
`;
